epoch,loss,lr,val_loss
0,1.0835357904434204,0.0010000000475,1.2004984617233276
1,1.0705950260162354,0.0010000000475,1.2040433883666992
